The Mandelbrot set, with -2.0 + 1.15i at the top left:
                                                            
                                   ..:..                    
                                   ...=...                  
                                 ..#:=@-:.                  
                             ......-@@@@*....               
                          ..:%:.@-@@@@@@=*:#...:.           
                        .....@@@@@@@@@@@@@@@@@@=.           
               ...   .....-@=@@@@@@@@@@@@@@@@@*:..          
             ..:...:......@@@@@@@@@@@@@@@@@@@@@@@-          
             ...:@=@@@=:.:@@@@@@@@@@@@@@@@@@@@@@:.          
          ..-..-@@@@@@@@@-@@@@@@@@@@@@@@@@@@@@@@+.          
   .........:@@#@@@@@@@@@@@@@@@@@@@@@@@@@@@@@@@...          
   .........:@@#@@@@@@@@@@@@@@@@@@@@@@@@@@@@@@@...          
          ..-..-@@@@@@@@@-@@@@@@@@@@@@@@@@@@@@@@+.          
             ...:@=@@@=:.:@@@@@@@@@@@@@@@@@@@@@@:.          
             ..:...:......@@@@@@@@@@@@@@@@@@@@@@@-          
               ...   .....-@=@@@@@@@@@@@@@@@@@*:..          
                        .....@@@@@@@@@@@@@@@@@@=.           
                          ..:%:.@-@@@@@@=*:#...:.           
                             ......-@@@@*....               
                                 ..#:=@-:.                  
                                   ...=...                  
                                   ..:..                    
                                                            
